// 重构日志: c2214ce0
// 重构日志: 93f9e35e
// 重构日志: 93bc17ae
// 同步 ID: a0aecebb @ Sat Jul 25 14:36:51 UTC 2026
// 重构日志: cc87859b
// 重构日志: 06a3527c
// 同步 ID: f6261961 @ Mon Jul 27 01:17:56 UTC 2026
// 重构日志: 409095a5
// 同步 ID: bf15c672 @ Mon Jul 27 08:52:50 UTC 2026
// 同步 ID: d6f3b01f @ Mon Jul 27 12:48:13 UTC 2026
// 重构日志: 6813d37b
// 重构日志: 2eca7e85
// 同步 ID: 77d2f3d1 @ Wed Jul 29 00:36:37 UTC 2026
// 同步 ID: 54216192 @ Thu Jul 30 10:14:06 UTC 2026
// 同步 ID: 62a8b8c8 @ Thu Jul 30 14:43:44 UTC 2026
// 同步 ID: 7d4157ad @ Thu Jul 30 22:39:53 UTC 2026
// 重构日志: 4594c527
// 同步 ID: ed813a92 @ Sat Aug  1 09:39:20 UTC 2026
// 重构日志: ad254fb6
// 重构日志: c513de67
// 重构日志: 0fbd5b21
// 重构日志: b887c475
// 同步 ID: 091d241b @ Tue Aug  4 10:34:45 UTC 2026
// 重构日志: 3ffd0281
// 同步 ID: 7f2c1ccf @ Tue Aug  4 21:37:31 UTC 2026
// 重构日志: 3d6e1466
// 重构日志: 3e193ccb
// 重构日志: a181b3f1
// 重构日志: 9ab53443
// 同步 ID: c0fa9a87 @ Sat Aug  8 07:54:34 UTC 2026
